Coefficients and Mulliken populations of the atomic orbitals

Eigenvector:   1    (up)

    1 O   s             0.944647   0.935865
          p_y          -0.004218  -0.000151
          p_z          -0.000000   0.000000
          p_x           0.000000   0.000000

    2 H   s             0.094391   0.032143

    3 H   s             0.094391   0.032143

Eigenvector:   1    (down)

    1 O   s             0.938928   0.928572
          p_y          -0.003421  -0.000137
          p_z           0.000000   0.000000
          p_x           0.000000   0.000000

    2 H   s             0.102557   0.035783

    3 H   s             0.102557   0.035783
