Coefficients and Mulliken populations of the atomic orbitals

   Atom   Orb         up spin coefficients   down spin coefficients    charge    x         y         z

K-point:    1    Eigenvector:    1
    1 Fe  s           (  0.237842,  0.000000)(  0.053454, -0.053454)   0.110942  0.045292 -0.045292  0.090584
          p_y         (  0.017445,  0.000000)(  0.003921, -0.003921)   0.003134  0.001280 -0.001280  0.002559
          d_x2-y2     ( -0.000000,  0.000000)( -0.000000,  0.000000)   0.000000  0.000000 -0.000000  0.000000

    2 Fe  s           (  0.237842,  0.000000)(  0.053454, -0.053454)   0.110942  0.045292 -0.045292  0.090584
          p_y         ( -0.017445, -0.000000)( -0.003921,  0.003921)   0.003134  0.001280 -0.001280  0.002559
          d_x2-y2     ( -0.000000, -0.000000)( -0.000000,  0.000000)   0.000000  0.000000 -0.000000  0.000000

K-point:    1    Eigenvector:    2
    1 Fe  s           ( -0.000188, -0.000000)( -0.000042,  0.000042)   0.000000  0.000000 -0.000000  0.000000
          p_y         (  0.045890, -0.000000)(  0.010313, -0.010313)   0.006878  0.002808 -0.002808  0.005616
          d_x2-y2     ( -0.227188,  0.000000)( -0.051059,  0.051059)   0.062289  0.025429 -0.025429  0.050858

    2 Fe  s           (  0.177082, -0.000000)(  0.039798, -0.039798)   0.043501  0.017759 -0.017759  0.035518
          p_y         ( -0.010085,  0.000000)( -0.002267,  0.002267)  -0.000036 -0.000015  0.000015 -0.000029
          d_x2-y2     (  0.227188, -0.000000)(  0.051059, -0.051059)   0.062288  0.025429 -0.025429  0.050858

K-point:    2    Eigenvector:    1
    1 Fe  s           (  0.004252, -0.000000)(  0.000956, -0.000956)   0.000025  0.000010 -0.000010  0.000020
          p_y         (  0.026671, -0.000000)(  0.005994, -0.005994)   0.002299  0.000939 -0.000939  0.001877
          d_x2-y2     ( -0.386782,  0.000000)( -0.086927,  0.086927)   0.180539  0.073705 -0.073705  0.147409

    2 Fe  s           ( -0.105353, -0.000000)( -0.023678,  0.023678)   0.015397  0.006286 -0.006286  0.012572
          p_y         (  0.058662, -0.000000)(  0.013184, -0.013184)   0.009964  0.004068 -0.004068  0.008136
          d_x2-y2     (  0.386782, -0.000000)(  0.086927, -0.086927)   0.180539  0.073705 -0.073705  0.147409

K-point:    2    Eigenvector:    2
    1 Fe  s           ( -0.217700,  0.000000)( -0.048927,  0.048927)   0.065745  0.026840 -0.026840  0.053681
          p_y         ( -0.031092,  0.000000)( -0.006988,  0.006988)   0.001763  0.000720 -0.000720  0.001439
          d_x2-y2     ( -0.007358,  0.000000)( -0.001654,  0.001654)   0.000065  0.000027 -0.000027  0.000053

    2 Fe  s           (  0.070384,  0.000000)(  0.015818, -0.015818)   0.006872  0.002806 -0.002806  0.005611
          p_y         (  0.015523, -0.000000)(  0.003489, -0.003489)   0.001012  0.000413 -0.000413  0.000826
          d_x2-y2     (  0.007358, -0.000000)(  0.001654, -0.001654)   0.000065  0.000027 -0.000027  0.000053
