Coefficients and Mulliken populations of the atomic orbitals

K-point:    1    Eigenvector:    1    (up)

    1 Ti  s           (  0.094618, -0.000000 )   0.049613
          p_y         ( -0.004065, -0.031420 )   0.008009
          d_x2-y2     (  0.000001,  0.012627 )   0.000527

    2 Ti  s           (  0.088248,  0.036553 )   0.050539
          p_y         (  0.015409, -0.027045 )   0.007749
          d_x2-y2     (  0.001254, -0.003024 )   0.000049

K-point:    1    Eigenvector:    1    (down)

    1 Ti  s           (  0.029646, -0.000000 )   0.004023
          p_y         (  0.031920, -0.009779 )   0.008188
          d_x2-y2     ( -0.000002, -0.056778 )   0.010489

    2 Ti  s           ( -0.020141, -0.008340 )   0.002215
          p_y         (  0.023712,  0.025436 )   0.008742
          d_x2-y2     (  0.023118, -0.055823 )   0.011764

K-point:    2    Eigenvector:    1    (up)

    1 Ti  s           (  0.031264, -0.000000 )   0.002710
          p_y         ( -0.011403, -0.038831 )   0.010351
          d_x2-y2     (  0.000006,  0.027873 )   0.002284

    2 Ti  s           ( -0.031620, -0.013097 )   0.003388
          p_y         ( -0.027094,  0.029183 )   0.010135
          d_x2-y2     ( -0.006478,  0.015620 )   0.000898

K-point:    2    Eigenvector:    2    (down)

    1 Ti  s           (  0.004086,  0.000001 )   0.000069
          p_y         (  0.037160, -0.002842 )   0.009835
          d_x2-y2     ( -0.000040, -0.067445 )   0.013637

    2 Ti  s           ( -0.004409, -0.001827 )   0.000090
          p_y         ( -0.031224, -0.020156 )   0.009764
          d_x2-y2     ( -0.026425,  0.063893 )   0.014279
