 Fermi distribution function
 

********************************************************************************
  iSCC Total electronic   Diff electronic      SCC error    
    8   -0.32073723E+01   -0.24175328E-10    0.92131858E-11
********************************************************************************

 Net atomic charges
  Atom       Net charge
     1      -0.28585614
     2       0.07170027
     3       0.06692492
     4       0.08022270
     5       0.06700825

 Net atomic shifts
  Atom        Net shift
     1       0.01303980
     2       0.00573229
     3       0.00601600
     4       0.00515502
     5       0.00621928
  
 SPIN =            1
  
 
 Nr. of electrons (spin: 1):      8.00000000
 Atom populations (spin: 1)
  Atom       Population
     1       4.28585614
     2       0.92829973
     3       0.93307508
     4       0.91977730
     5       0.93299175
 
 l-shell populations (spin: 1)
  Atom Sh.   l       Population
     1   1   0       1.31244488
     1   2   1       2.97341126
     2   1   0       0.92829973
     3   1   0       0.93307508
     4   1   0       0.91977730
     5   1   0       0.93299175
 
 Orbital populations (spin: 1)
  Atom Sh.   l   m       Population
     1   1   0   0       1.31244488
     1   2   1  -1       0.98650725
     1   2   1   0       1.00618019
     1   2   1   1       0.98072382
     2   1   0   0       0.92829973
     3   1   0   0       0.93307508
     4   1   0   0       0.91977730
     5   1   0   0       0.93299175
 
 Fermi energy:                     0.0000000000 H        0.000000 eV
 Band energy:                      0.0000000000 H        0.000000 eV
 TS:                               0.0000000000 H        0.000000 eV
 Band free energy (E-TS):          0.0000000000 H        0.000000 eV
 Extrapolated E(0K):               0.0000000000 H        0.000000 eV
 
 Input/Output charge (spin: 1):      8.00000000      8.00000000
 
 Energy H0:                       -3.2084141406 H      -87.305391 eV
 Energy SCC:                       0.0010417937 H        0.028349 eV
 Total Electronic energy:         -3.2073723469 H      -87.277042 eV
 Repulsive energy:                -0.0108894360 H       -0.296317 eV
 Total energy:                    -3.2182617828 H      -87.573359 eV
 Total Mermin free energy:        -3.2182617828 H      -87.573359 eV
 
 Calculation with static geometry
 
 SCC converged
 
 Electronic Forces
  1.301841492147031E-002 -8.463449854781684E-003  2.705407990357029E-002
 -1.119909348081323E-002 -2.692086972470614E-004 -9.471063764546883E-002
 -9.227286216854265E-002  4.296868462197599E-003  2.952556995517277E-003
  5.310669241456964E-002 -7.349894625453762E-002  3.251341434133863E-002
  3.733603639874531E-002  7.794589526815403E-002  3.219002356021206E-002
 
 Repulsive Forces
  2.170238771379476E-003 -1.234078691929816E-002 -3.239343067301732E-002
  0.000000000000000E+000  0.000000000000000E+000  9.026037743407427E-002
  5.978825606699048E-002  0.000000000000000E+000 -1.056917032507168E-002
 -3.899712023656363E-002  6.065121155709531E-002 -2.757512816602129E-002
 -2.296137460180632E-002 -4.831042463779715E-002 -1.972264826996398E-002
 
 Total Forces
  1.518865369284978E-002 -2.080423677407985E-002 -5.339350769447034E-003
 -1.119909348081323E-002 -2.692086972470614E-004 -4.450260211394566E-003
 -3.248460610155217E-002  4.296868462197599E-003 -7.616613329554401E-003
  1.410957217800601E-002 -1.284773469744231E-002  4.938286175317341E-003
  1.437466179693899E-002  2.963547063035688E-002  1.246737529024807E-002
 
 Maximal force component:  3.248460610155217E-002
 
 
