 Fermi distribution function
 

********************************************************************************
  iSCC Total electronic   Diff electronic      SCC error    
    8   -0.62084239E+01    0.22345956E-05    0.30920390E-06
********************************************************************************

 Net atomic charges
  Atom       Net charge
     1      -0.01662430
     2      -0.01545726
     3      -0.00650091
     4      -0.00576480
     5      -0.00195989
     6      -0.00000338
     7       0.00195416
     8       0.00575764
     9       0.00649466
    10       0.01544755
    11       0.01661462
    12       0.00000000
    13       0.00000000
    14       0.00000000
    15       0.00000000
    16       0.00000000
    17       0.00000000
    18       0.00000000
    19       0.00000000
    20       0.00000000
    21       0.00000000
    22       0.00000000
    23       0.00000000
    24       0.00000000
    25       0.00000000
    26       0.00000000
    27       0.00000000
    28       0.00000000
    29       0.00000000
    30       0.00000000
    31       0.00000000

 Net atomic shifts
  Atom        Net shift
     1      -0.05322207
     2      -0.04646939
     3      -0.04276112
     4      -0.04037718
     5      -0.03849764
     6      -0.03674302
     7      -0.03498845
     8      -0.03310908
     9      -0.03072560
    10      -0.02701844
    11      -0.02026834
    12       0.00000000
    13       0.00000000
    14       0.00000000
    15       0.00000000
    16       0.00000000
    17       0.00000000
    18       0.00000000
    19       0.00000000
    20       0.00000000
    21       0.00000000
    22      -0.07349865
    23      -0.07349865
    24      -0.07349865
    25      -0.07349865
    26      -0.07349865
    27      -0.07349865
    28      -0.07349865
    29      -0.07349865
    30      -0.07349865
    31      -0.07349865
  
 SPIN =            1
  
 Eigenvalues /H
    0.00000000
    0.00000000
    0.00000000
    0.00000000
    0.00000000
    0.00000000
    0.00000000
    0.00000000
    0.00000000
    0.00000000
    0.00000000
    0.00000000
    0.00000000
    0.00000000
    0.00000000
    0.00000000
    0.00000000
    0.00000000
    0.00000000
    0.00000000
    0.00000000
    0.00000000
    0.00000000
    0.00000000
    0.00000000
    0.00000000
    0.00000000
    0.00000000
    0.00000000
    0.00000000
    0.00000000
 
 Eigenvalues /eV
    0.00000000
    0.00000000
    0.00000000
    0.00000000
    0.00000000
    0.00000000
    0.00000000
    0.00000000
    0.00000000
    0.00000000
    0.00000000
    0.00000000
    0.00000000
    0.00000000
    0.00000000
    0.00000000
    0.00000000
    0.00000000
    0.00000000
    0.00000000
    0.00000000
    0.00000000
    0.00000000
    0.00000000
    0.00000000
    0.00000000
    0.00000000
    0.00000000
    0.00000000
    0.00000000
    0.00000000
 
 Fillings
     0.00000
     0.00000
     0.00000
     0.00000
     0.00000
     0.00000
     0.00000
     0.00000
     0.00000
     0.00000
     0.00000
     0.00000
     0.00000
     0.00000
     0.00000
     0.00000
     0.00000
     0.00000
     0.00000
     0.00000
     0.00000
     0.00000
     0.00000
     0.00000
     0.00000
     0.00000
     0.00000
     0.00000
     0.00000
     0.00000
     0.00000
 
 Nr. of electrons (spin: 1):     31.00004192
 Atom populations (spin: 1)
  Atom       Population
     1       1.01662430
     2       1.01545726
     3       1.00650091
     4       1.00576480
     5       1.00195989
     6       1.00000338
     7       0.99804584
     8       0.99424236
     9       0.99350534
    10       0.98455245
    11       0.98338538
    12       1.00000000
    13       1.00000000
    14       1.00000000
    15       1.00000000
    16       1.00000000
    17       1.00000000
    18       1.00000000
    19       1.00000000
    20       1.00000000
    21       1.00000000
    22       1.00000000
    23       1.00000000
    24       1.00000000
    25       1.00000000
    26       1.00000000
    27       1.00000000
    28       1.00000000
    29       1.00000000
    30       1.00000000
    31       1.00000000
 
 l-shell populations (spin: 1)
  Atom Sh.   l       Population
     1   1   0       1.01662430
     2   1   0       1.01545726
     3   1   0       1.00650091
     4   1   0       1.00576480
     5   1   0       1.00195989
     6   1   0       1.00000338
     7   1   0       0.99804584
     8   1   0       0.99424236
     9   1   0       0.99350534
    10   1   0       0.98455245
    11   1   0       0.98338538
    12   1   0       1.00000000
    13   1   0       1.00000000
    14   1   0       1.00000000
    15   1   0       1.00000000
    16   1   0       1.00000000
    17   1   0       1.00000000
    18   1   0       1.00000000
    19   1   0       1.00000000
    20   1   0       1.00000000
    21   1   0       1.00000000
    22   1   0       1.00000000
    23   1   0       1.00000000
    24   1   0       1.00000000
    25   1   0       1.00000000
    26   1   0       1.00000000
    27   1   0       1.00000000
    28   1   0       1.00000000
    29   1   0       1.00000000
    30   1   0       1.00000000
    31   1   0       1.00000000
 
 Orbital populations (spin: 1)
  Atom Sh.   l   m       Population
     1   1   0   0       1.01662430
     2   1   0   0       1.01545726
     3   1   0   0       1.00650091
     4   1   0   0       1.00576480
     5   1   0   0       1.00195989
     6   1   0   0       1.00000338
     7   1   0   0       0.99804584
     8   1   0   0       0.99424236
     9   1   0   0       0.99350534
    10   1   0   0       0.98455245
    11   1   0   0       0.98338538
    12   1   0   0       1.00000000
    13   1   0   0       1.00000000
    14   1   0   0       1.00000000
    15   1   0   0       1.00000000
    16   1   0   0       1.00000000
    17   1   0   0       1.00000000
    18   1   0   0       1.00000000
    19   1   0   0       1.00000000
    20   1   0   0       1.00000000
    21   1   0   0       1.00000000
    22   1   0   0       1.00000000
    23   1   0   0       1.00000000
    24   1   0   0       1.00000000
    25   1   0   0       1.00000000
    26   1   0   0       1.00000000
    27   1   0   0       1.00000000
    28   1   0   0       1.00000000
    29   1   0   0       1.00000000
    30   1   0   0       1.00000000
    31   1   0   0       1.00000000
 
 Fermi energy:                     0.0000000000 H        0.000000 eV
 Band energy:                      0.0000000000 H        0.000000 eV
 TS:                               0.0000000000 H        0.000000 eV
 Band free energy (E-TS):          0.0000000000 H        0.000000 eV
 Extrapolated E(0K):               0.0000000000 H        0.000000 eV
 
 Input/Output charge (spin: 1):     31.00004171     31.00004192
 Neutral charge (spin: 1):          31.00000000
 
 Energy H0:                       -6.2079354953 H     -168.926520 eV
 Energy SCC:                      -0.0004883611 H       -0.013289 eV
 Total Electronic energy:         -6.2084238564 H     -168.939809 eV
 Repulsive energy:                -0.0261454748 H       -0.711455 eV
 Total energy:                    -6.2345693313 H     -169.651263 eV
 Total Mermin free energy:        -6.2345693313 H     -169.651263 eV
 
 Calculation with static geometry
 
 SCC converged
