 Fermi distribution function
 

********************************************************************************
  iSCC Total electronic   Diff electronic      SCC error    
    8   -0.32073912E+01   -0.44408921E-15    0.51336713E-11
********************************************************************************

 Net atomic charges
  Atom       Net charge
     1      -0.28677349
     2       0.07190519
     3       0.06713141
     4       0.08047689
     5       0.06726000
  
 SPIN =            1
  
 Eigenvalues /H
    0.00000000
    0.00000000
    0.00000000
    0.00000000
    0.00000000
    0.00000000
    0.00000000
    0.00000000
 
 Eigenvalues /eV
    0.00000000
    0.00000000
    0.00000000
    0.00000000
    0.00000000
    0.00000000
    0.00000000
    0.00000000
 
 Fillings
     0.00000
     0.00000
     0.00000
     0.00000
     0.00000
     0.00000
     0.00000
     0.00000
 
 Nr. of electrons (spin: 1):      8.00000000
 Atom populations (spin: 1)
  Atom       Population
     1       4.28677349
     2       0.92809481
     3       0.93286859
     4       0.91952311
     5       0.93274000
 
 l-shell populations (spin: 1)
  Atom Sh.   l       Population
     1   1   0       1.31264492
     1   2   1       2.97412857
     2   1   0       0.92809481
     3   1   0       0.93286859
     4   1   0       0.91952311
     5   1   0       0.93274000
 
 Orbital populations (spin: 1)
  Atom Sh.   l   m       Population
     1   1   0   0       1.31264492
     1   2   1  -1       0.98677318
     1   2   1   0       1.00640471
     1   2   1   1       0.98095068
     2   1   0   0       0.92809481
     3   1   0   0       0.93286859
     4   1   0   0       0.91952311
     5   1   0   0       0.93274000
 
 Fermi energy:                     0.0000000000 H        0.000000 eV
 Band energy:                      0.0000000000 H        0.000000 eV
 TS:                               0.0000000000 H        0.000000 eV
 Band free energy (E-TS):          0.0000000000 H        0.000000 eV
 Extrapolated E(0K):               0.0000000000 H        0.000000 eV
 
 Input/Output charge (spin: 1):      8.00000000      8.00000000
 
 Energy H0:                       -3.2084207597 H      -87.305571 eV
 Energy SCC:                       0.0010295884 H        0.028017 eV
 Total Electronic energy:         -3.2073911713 H      -87.277554 eV
 Repulsive energy:                -0.0108894360 H       -0.296317 eV
 Total energy:                    -3.2182806073 H      -87.573871 eV
 Total Mermin free energy:        -3.2182806073 H      -87.573871 eV
 
 Calculation with static geometry
 
 SCC converged
 
 Electronic Forces
  1.302756196474346E-002 -8.475354617107484E-003  2.705102325432110E-002
 -1.119660414238878E-002 -2.688027166880486E-004 -9.471531590839609E-002
 -9.227622380158301E-002  4.296050088045733E-003  2.956402840197211E-003
  5.310727631058199E-002 -7.350350732767551E-002  3.251611094242432E-002
  3.733798966864633E-002  7.795161457342531E-002  3.219177887145343E-002
 
 Repulsive Forces
  2.170238771379476E-003 -1.234078691929816E-002 -3.239343067301732E-002
  0.000000000000000E+000  0.000000000000000E+000  9.026037743407427E-002
  5.978825606699048E-002  0.000000000000000E+000 -1.056917032507168E-002
 -3.899712023656363E-002  6.065121155709531E-002 -2.757512816602129E-002
 -2.296137460180632E-002 -4.831042463779715E-002 -1.972264826996398E-002
 
 Total Forces
  1.519780073612294E-002 -2.081614153640565E-002 -5.342407418696220E-003
 -1.119660414238878E-002 -2.688027166880486E-004 -4.454938474321823E-003
 -3.248796773459253E-002  4.296050088045733E-003 -7.612767484874466E-003
  1.411015607401836E-002 -1.285229577058020E-002  4.940982776403032E-003
  1.437661506684001E-002  2.964118993562816E-002  1.246913060148945E-002
 
 Maximal force component:  3.248796773459253E-002
 
 
