KPT            1  SPIN            1  KWEIGHT    1.0000000000000000
   -23.10209     2.00000
   -11.27470     2.00000
    -8.53769     2.00000
    -7.05252     2.00000
    10.86455     0.00000
    15.19442     0.00000
