 Fermi distribution function
 

********************************************************************************
  iSCC Total electronic   Diff electronic      SCC error    
   12   -0.29901479E+01    0.12790977E-08    0.21464452E-09
********************************************************************************

 Net atomic charges
  Atom       Net charge
     1      -0.29437208
     2       0.29431433
     3      -0.29374528
     4       0.29373473
     5      -0.29374528
     6       0.29373473
     7      -0.29437208
     8       0.29431433
     9      -0.29679019
    10       0.29679019
    11      -0.29679019
    12       0.29679019
    13      -0.29679019
    14       0.29679019
    15      -0.29679019
    16       0.29679019
    17      -0.29679019
    18       0.29679019
    19      -0.29679019
    20       0.29679019
    21      -0.29679019
    22       0.29679019
    23      -0.29679019
    24       0.29679019
    25      -0.29679019
    26       0.29679019
    27      -0.29679019
    28       0.29679019
    29      -0.29679019
    30       0.29679019
    31      -0.29679019
    32       0.29679019
    33      -0.29679019
    34       0.29679019
    35      -0.29679019
    36       0.29679019
    37      -0.29679019
    38       0.29679019
    39      -0.29679019
    40       0.29679019

 Net atomic shifts
  Atom        Net shift
     1       0.00677111
     2      -0.07950242
     3       0.00693389
     4      -0.07949856
     5       0.00693389
     6      -0.07949856
     7       0.00677111
     8      -0.07950242
     9       0.00623606
    10      -0.07947386
    11       0.00623606
    12      -0.07947386
    13       0.00623606
    14      -0.07947386
    15       0.00623606
    16      -0.07947386
    17       0.00623606
    18      -0.07947386
    19       0.00623606
    20      -0.07947386
    21       0.00623606
    22      -0.07947386
    23       0.00623606
    24      -0.07947386
    25       0.00623606
    26      -0.07947386
    27       0.00623606
    28      -0.07947386
    29       0.00623606
    30      -0.07947386
    31       0.00623606
    32      -0.07947386
    33       0.00623606
    34      -0.07947386
    35       0.00623606
    36      -0.07947386
    37       0.00623606
    38      -0.07947386
    39       0.00623606
    40      -0.07947386
  
 SPIN =            1
  
 Eigenvalues /H
    0.00000000
    0.00000000
    0.00000000
    0.00000000
    0.00000000
    0.00000000
    0.00000000
    0.00000000
    0.00000000
    0.00000000
    0.00000000
    0.00000000
    0.00000000
    0.00000000
    0.00000000
    0.00000000
    0.00000000
    0.00000000
    0.00000000
    0.00000000
    0.00000000
    0.00000000
    0.00000000
    0.00000000
    0.00000000
    0.00000000
    0.00000000
    0.00000000
    0.00000000
    0.00000000
    0.00000000
    0.00000000
    0.00000000
    0.00000000
    0.00000000
    0.00000000
    0.00000000
    0.00000000
    0.00000000
    0.00000000
 
 Eigenvalues /eV
    0.00000000
    0.00000000
    0.00000000
    0.00000000
    0.00000000
    0.00000000
    0.00000000
    0.00000000
    0.00000000
    0.00000000
    0.00000000
    0.00000000
    0.00000000
    0.00000000
    0.00000000
    0.00000000
    0.00000000
    0.00000000
    0.00000000
    0.00000000
    0.00000000
    0.00000000
    0.00000000
    0.00000000
    0.00000000
    0.00000000
    0.00000000
    0.00000000
    0.00000000
    0.00000000
    0.00000000
    0.00000000
    0.00000000
    0.00000000
    0.00000000
    0.00000000
    0.00000000
    0.00000000
    0.00000000
    0.00000000
 
 Fillings
     0.00000
     0.00000
     0.00000
     0.00000
     0.00000
     0.00000
     0.00000
     0.00000
     0.00000
     0.00000
     0.00000
     0.00000
     0.00000
     0.00000
     0.00000
     0.00000
     0.00000
     0.00000
     0.00000
     0.00000
     0.00000
     0.00000
     0.00000
     0.00000
     0.00000
     0.00000
     0.00000
     0.00000
     0.00000
     0.00000
     0.00000
     0.00000
     0.00000
     0.00000
     0.00000
     0.00000
     0.00000
     0.00000
     0.00000
     0.00000
 
 Nr. of electrons (spin: 1):     40.00013660
 Atom populations (spin: 1)
  Atom       Population
     1       1.29437208
     2       0.70568567
     3       1.29374528
     4       0.70626527
     5       1.29374528
     6       0.70626527
     7       1.29437208
     8       0.70568567
     9       1.29679019
    10       0.70320981
    11       1.29679019
    12       0.70320981
    13       1.29679019
    14       0.70320981
    15       1.29679019
    16       0.70320981
    17       1.29679019
    18       0.70320981
    19       1.29679019
    20       0.70320981
    21       1.29679019
    22       0.70320981
    23       1.29679019
    24       0.70320981
    25       1.29679019
    26       0.70320981
    27       1.29679019
    28       0.70320981
    29       1.29679019
    30       0.70320981
    31       1.29679019
    32       0.70320981
    33       1.29679019
    34       0.70320981
    35       1.29679019
    36       0.70320981
    37       1.29679019
    38       0.70320981
    39       1.29679019
    40       0.70320981
 
 l-shell populations (spin: 1)
  Atom Sh.   l       Population
     1   1   0       1.29437208
     2   1   0       0.70568567
     3   1   0       1.29374528
     4   1   0       0.70626527
     5   1   0       1.29374528
     6   1   0       0.70626527
     7   1   0       1.29437208
     8   1   0       0.70568567
     9   1   0       1.29679019
    10   1   0       0.70320981
    11   1   0       1.29679019
    12   1   0       0.70320981
    13   1   0       1.29679019
    14   1   0       0.70320981
    15   1   0       1.29679019
    16   1   0       0.70320981
    17   1   0       1.29679019
    18   1   0       0.70320981
    19   1   0       1.29679019
    20   1   0       0.70320981
    21   1   0       1.29679019
    22   1   0       0.70320981
    23   1   0       1.29679019
    24   1   0       0.70320981
    25   1   0       1.29679019
    26   1   0       0.70320981
    27   1   0       1.29679019
    28   1   0       0.70320981
    29   1   0       1.29679019
    30   1   0       0.70320981
    31   1   0       1.29679019
    32   1   0       0.70320981
    33   1   0       1.29679019
    34   1   0       0.70320981
    35   1   0       1.29679019
    36   1   0       0.70320981
    37   1   0       1.29679019
    38   1   0       0.70320981
    39   1   0       1.29679019
    40   1   0       0.70320981
 
 Orbital populations (spin: 1)
  Atom Sh.   l   m       Population
     1   1   0   0       1.29437208
     2   1   0   0       0.70568567
     3   1   0   0       1.29374528
     4   1   0   0       0.70626527
     5   1   0   0       1.29374528
     6   1   0   0       0.70626527
     7   1   0   0       1.29437208
     8   1   0   0       0.70568567
     9   1   0   0       1.29679019
    10   1   0   0       0.70320981
    11   1   0   0       1.29679019
    12   1   0   0       0.70320981
    13   1   0   0       1.29679019
    14   1   0   0       0.70320981
    15   1   0   0       1.29679019
    16   1   0   0       0.70320981
    17   1   0   0       1.29679019
    18   1   0   0       0.70320981
    19   1   0   0       1.29679019
    20   1   0   0       0.70320981
    21   1   0   0       1.29679019
    22   1   0   0       0.70320981
    23   1   0   0       1.29679019
    24   1   0   0       0.70320981
    25   1   0   0       1.29679019
    26   1   0   0       0.70320981
    27   1   0   0       1.29679019
    28   1   0   0       0.70320981
    29   1   0   0       1.29679019
    30   1   0   0       0.70320981
    31   1   0   0       1.29679019
    32   1   0   0       0.70320981
    33   1   0   0       1.29679019
    34   1   0   0       0.70320981
    35   1   0   0       1.29679019
    36   1   0   0       0.70320981
    37   1   0   0       1.29679019
    38   1   0   0       0.70320981
    39   1   0   0       1.29679019
    40   1   0   0       0.70320981
 
 Fermi energy:                     0.0000000000 H        0.000000 eV
 Band energy:                      0.0000000000 H        0.000000 eV
 TS:                               0.0000000000 H        0.000000 eV
 Band free energy (E-TS):          0.0000000000 H        0.000000 eV
 Extrapolated E(0K):               0.0000000000 H        0.000000 eV
 
 Input/Output charge (spin: 1):     40.00013660     40.00013660
 Neutral charge (spin: 1):          40.00000000
 
 Energy H0:                       -3.2444310581 H      -88.285461 eV
 Energy SCC:                       0.2542831181 H        6.919396 eV
 Total Electronic energy:         -2.9901479400 H      -81.366065 eV
 Repulsive energy:                 0.0343120992 H        0.933680 eV
 Total energy:                    -2.9558358408 H      -80.432386 eV
 Total Mermin free energy:        -2.9558358408 H      -80.432386 eV
 
 Calculation with static geometry
 
 SCC converged
