Fermi distribution function

Calculation with static geometry


********************************************************************************
  iSCC Total electronic   Diff electronic      SCC error    
    9   -0.85600347E+01   -0.96810113E-06    0.60076041E-06
********************************************************************************


 Net atomic charges (e)
  Atom       Net charge
     1      -0.00126587
     2       0.00135986
     3      -0.00253524
     4       0.00155562
     5      -0.01003205
     6       0.00190784
     7       0.02742487
     8       0.03840173
     9      -0.03142059
    10       0.00190784
    11      -0.01003205
    12       0.00155562
    13      -0.00253524
    14       0.00135986
    15      -0.00126587
    16      -0.00000000
    17       0.00000000
    18      -0.00000000
    19       0.00000000
    20      -0.00000000
    21       0.00000000
    22      -0.00000000
    23       0.00000000
    24      -0.00000000
    25       0.00000000
    26      -0.00000000
    27       0.00000000
    28      -0.00000000
    29       0.00000000
    30      -0.00000000
    31       0.00000000
    32      -0.00000000
    33       0.00000000
    34      -0.00000000
    35       0.00000000
    36      -0.00000000
    37       0.00000000
    38      -0.00000000
    39       0.00000000

COMPONENT = q
 No eigenvalues available

 Nr. of electrons (up):     38.98361369
 Atom populations (up)
  Atom       Population
     1       1.00126587
     2       0.99864014
     3       1.00253524
     4       0.99844438
     5       1.01003205
     6       0.99809216
     7       0.97257513
     8       0.96159827
     9       1.03142059
    10       0.99809216
    11       1.01003205
    12       0.99844438
    13       1.00253524
    14       0.99864014
    15       1.00126587
    16       1.00000000
    17       1.00000000
    18       1.00000000
    19       1.00000000
    20       1.00000000
    21       1.00000000
    22       1.00000000
    23       1.00000000
    24       1.00000000
    25       1.00000000
    26       1.00000000
    27       1.00000000
    28       1.00000000
    29       1.00000000
    30       1.00000000
    31       1.00000000
    32       1.00000000
    33       1.00000000
    34       1.00000000
    35       1.00000000
    36       1.00000000
    37       1.00000000
    38       1.00000000
    39       1.00000000

 l-shell populations (up)
  Atom Sh.   l       Population
     1   1   0       1.00126587
     2   1   0       0.99864014
     3   1   0       1.00253524
     4   1   0       0.99844438
     5   1   0       1.01003205
     6   1   0       0.99809216
     7   1   0       0.97257513
     8   1   0       0.96159827
     9   1   0       1.03142059
    10   1   0       0.99809216
    11   1   0       1.01003205
    12   1   0       0.99844438
    13   1   0       1.00253524
    14   1   0       0.99864014
    15   1   0       1.00126587
    16   1   0       1.00000000
    17   1   0       1.00000000
    18   1   0       1.00000000
    19   1   0       1.00000000
    20   1   0       1.00000000
    21   1   0       1.00000000
    22   1   0       1.00000000
    23   1   0       1.00000000
    24   1   0       1.00000000
    25   1   0       1.00000000
    26   1   0       1.00000000
    27   1   0       1.00000000
    28   1   0       1.00000000
    29   1   0       1.00000000
    30   1   0       1.00000000
    31   1   0       1.00000000
    32   1   0       1.00000000
    33   1   0       1.00000000
    34   1   0       1.00000000
    35   1   0       1.00000000
    36   1   0       1.00000000
    37   1   0       1.00000000
    38   1   0       1.00000000
    39   1   0       1.00000000

 Orbital populations (up)
  Atom Sh.   l   m       Population
     1   1   0   0       1.00126587
     2   1   0   0       0.99864014
     3   1   0   0       1.00253524
     4   1   0   0       0.99844438
     5   1   0   0       1.01003205
     6   1   0   0       0.99809216
     7   1   0   0       0.97257513
     8   1   0   0       0.96159827
     9   1   0   0       1.03142059
    10   1   0   0       0.99809216
    11   1   0   0       1.01003205
    12   1   0   0       0.99844438
    13   1   0   0       1.00253524
    14   1   0   0       0.99864014
    15   1   0   0       1.00126587
    16   1   0   0       1.00000000
    17   1   0   0       1.00000000
    18   1   0   0       1.00000000
    19   1   0   0       1.00000000
    20   1   0   0       1.00000000
    21   1   0   0       1.00000000
    22   1   0   0       1.00000000
    23   1   0   0       1.00000000
    24   1   0   0       1.00000000
    25   1   0   0       1.00000000
    26   1   0   0       1.00000000
    27   1   0   0       1.00000000
    28   1   0   0       1.00000000
    29   1   0   0       1.00000000
    30   1   0   0       1.00000000
    31   1   0   0       1.00000000
    32   1   0   0       1.00000000
    33   1   0   0       1.00000000
    34   1   0   0       1.00000000
    35   1   0   0       1.00000000
    36   1   0   0       1.00000000
    37   1   0   0       1.00000000
    38   1   0   0       1.00000000
    39   1   0   0       1.00000000

 Fermi energy:                       0.0000000000 H            0.0000 eV
 Band energy:                        0.0000000000 H            0.0000 eV
 TS:                                 0.0000000000 H            0.0000 eV
 Band free energy (E-TS):            0.0000000000 H            0.0000 eV
 Extrapolated E(0K):                 0.0000000000 H            0.0000 eV
 Input/Output electrons (q):     38.98361333     38.98361369

 Energy H0:                         -8.5603332539 H         -232.9385 eV
 Energy SCC:                         0.0002985420 H            0.0081 eV
 Total Electronic energy:           -8.5600347119 H         -232.9304 eV
 Repulsive energy:                  -0.0331176014 H           -0.9012 eV
 Total energy:                      -8.5931523133 H         -233.8316 eV
 Total Mermin free energy:          -8.5931523133 H         -233.8316 eV

SCC converged

 Dipole moment  :    0.58834723    0.04618386    0.00000000 au
 Dipole moment  :    1.49542963    0.11738766    0.00000000 Debye



 Total   Transmission
 Energy [eV]       T(E)
  -7.0000000000000009       0.45893218333872254       0.43230244008597107     
  -6.9800000000000013       0.45897595435819044       0.43233720122987873     
  -6.9600000000000000       0.45901945347491568       0.43237172876735724     
  -6.9400000000000004       0.45906268179964194       0.43240602289152835     
  -6.9200000000000017       0.45910564043810687       0.43244008378801341     
  -6.9000000000000004       0.45914833049106579       0.43247391163494636     
  -6.8800000000000008       0.45919075305423634       0.43250750660302828     
  -6.8600000000000012       0.45923290921827437       0.43254086885555809     
  -6.8400000000000007       0.45927480006876131       0.43257399854846090     
  -6.8200000000000012       0.45931642668618727       0.43260689583032880     
  -6.8000000000000007       0.45935779014580747       0.43263956084243999     
  -6.7800000000000002       0.45939889151786911       0.43267199371882747     
  -6.7600000000000007       0.45943973186732495       0.43270419458624654     
  -6.7400000000000011       0.45948031225393732       0.43273616356426875     
  -6.7200000000000006       0.45952063373222768       0.43276790076528376     
  -6.7000000000000011       0.45956069735144500       0.43279940629452801     
  -6.6800000000000006       0.45960050415554626       0.43283068025012811     
  -6.6600000000000001       0.45964005518314838       0.43286172272312939     
  -6.6400000000000015       0.45967935146753802       0.43289253379749471     
  -6.6200000000000010       0.45971839403657577       0.43292311355019303     
  -6.6000000000000005       0.45975718391272563       0.43295346205118757     
  -6.5800000000000001       0.45979572211293712       0.43298357936350534     
  -6.5600000000000005       0.45983400964855148       0.43301346554329034     
  -6.5400000000000009       0.45987204752493521       0.43304312063998301     
  -6.5200000000000005       0.45990983673970764       0.43307254469705025     
  -6.5000000000000009       0.45994737825654247       0.43310173775720501     
  -6.4800000000000004       0.45998467325091025       0.43313069977824209     
  -6.4600000000000009       0.46002172242244882       0.43315943090925840     
  -6.4400000000000004       0.46005852690541793       0.43318793108497111     
  -6.4200000000000008       0.46009508765454671       0.43321620032534824     
  -6.4000000000000004       0.46013140563457400       0.43324423863309719     
  -6.3800000000000008       0.46016748180621031       0.43327204600318664     
  -6.3600000000000012       0.46020331712484952       0.43329962242364473     
  -6.3400000000000007       0.46023891254028459       0.43332696787573921     
  -6.3200000000000003       0.46027426899658413       0.43335408233403455     
  -6.3000000000000007       0.46030938743205674       0.43338096576645346     
  -6.2800000000000011       0.46034426877920492       0.43340761813427081     
  -6.2600000000000007       0.46037891396468783       0.43343403939216674     
  -6.2400000000000011       0.46041332390930373       0.43346022948824137     
  -6.2200000000000006       0.46044749952794739       0.43348618836401626     
  -6.2000000000000002       0.46048144172959410       0.43351191595448330     
  -6.1800000000000015       0.46051515141726196       0.43353741218809766     
  -6.1600000000000010       0.46054862948802500       0.43356267698682172     
  -6.1400000000000006       0.46058187683291918       0.43358771026611626     
  -6.1200000000000010       0.46061489433696101       0.43361251193497230     
  -6.1000000000000005       0.46064768287913638       0.43363708189593220     
  -6.0800000000000010       0.46068024333233537       0.43366142004509584     
  -6.0600000000000005       0.46071257656337850       0.43368552627212259     
  -6.0400000000000000       0.46074468343286989       0.43370940046029988     
  -6.0200000000000005       0.46077656479536744       0.43373304248653621     
  -6.0000000000000009       0.46080822149920753       0.43375645222128539     

Total Current ( 1- 2):   0.0000000000000000       A
Total Current ( 1- 3):   0.0000000000000000       A


